[2022-07-12T13:27:24.355+0900][0.024s] CardTable entry size: 512
[2022-07-12T13:27:24.355+0900][0.024s] Using G1
[2022-07-12T13:27:24.720+0900][0.378s] Version: 18.0.1.1+2-6 (release)
[2022-07-12T13:27:24.720+0900][0.378s] CPUs: 8 total, 8 available
[2022-07-12T13:27:24.720+0900][0.378s] Memory: 16108M
[2022-07-12T13:27:24.721+0900][0.378s] Large Page Support: Enabled
[2022-07-12T13:27:24.721+0900][0.378s] NUMA Support: Disabled
[2022-07-12T13:27:24.721+0900][0.378s] Compressed Oops: Enabled (32-bit)
[2022-07-12T13:27:24.721+0900][0.378s] Heap Region Size: 1M
[2022-07-12T13:27:24.721+0900][0.378s] Heap Min Capacity: 1G
[2022-07-12T13:27:24.721+0900][0.379s] Heap Initial Capacity: 1G
[2022-07-12T13:27:24.721+0900][0.379s] Heap Max Capacity: 1G
[2022-07-12T13:27:24.725+0900][0.383s] Pre-touch: Enabled
[2022-07-12T13:27:24.725+0900][0.383s] Parallel Workers: 8
[2022-07-12T13:27:24.725+0900][0.383s] Concurrent Workers: 2
[2022-07-12T13:27:24.725+0900][0.383s] Concurrent Refinement Workers: 8
[2022-07-12T13:27:24.725+0900][0.383s] Periodic GC: Disabled
[2022-07-12T13:27:24.725+0900][0.384s] CDS archive(s) mapped at: [0x0000000800000000-0x0000000800b90000-0x0000000800b90000), size 12124160, SharedBaseAddress: 0x0000000800000000, ArchiveRelocationMode: 0.
[2022-07-12T13:27:24.725+0900][0.384s] Compressed class space mapped at: 0x0000000800c00000-0x0000000840c00000, reserved size: 1073741824
[2022-07-12T13:27:24.725+0900][0.384s] Narrow klass base: 0x0000000800000000, Narrow klass shift: 0, Narrow klass range: 0x100000000
[2022-07-12T13:27:26.198+0900][1.868s] GC(0) Pause Young (Normal) (G1 Evacuation Pause)
[2022-07-12T13:27:26.198+0900][1.869s] GC(0) Using 8 workers of 8 for evacuation
[2022-07-12T13:27:26.218+0900][1.876s] GC(0)   Pre Evacuate Collection Set: 0.1ms
[2022-07-12T13:27:26.218+0900][1.876s] GC(0)   Merge Heap Roots: 0.1ms
[2022-07-12T13:27:26.218+0900][1.876s] GC(0)   Evacuate Collection Set: 6.4ms
[2022-07-12T13:27:26.218+0900][1.876s] GC(0)   Post Evacuate Collection Set: 0.6ms
[2022-07-12T13:27:26.218+0900][1.876s] GC(0)   Other: 0.7ms
[2022-07-12T13:27:26.218+0900][1.876s] GC(0) Eden regions: 51->0(54)
[2022-07-12T13:27:26.218+0900][1.876s] GC(0) Survivor regions: 0->7(7)
[2022-07-12T13:27:26.218+0900][1.876s] GC(0) Old regions: 0->4
[2022-07-12T13:27:26.218+0900][1.876s] GC(0) Archive regions: 0->0
[2022-07-12T13:27:26.218+0900][1.876s] GC(0) Humongous regions: 4->4
[2022-07-12T13:27:26.218+0900][1.876s] GC(0) Metaspace: 10681K(11008K)->10681K(11008K) NonClass: 9454K(9600K)->9454K(9600K) Class: 1226K(1408K)->1226K(1408K)
[2022-07-12T13:27:26.219+0900][1.876s] GC(0) Pause Young (Normal) (G1 Evacuation Pause) 55M->14M(1024M) 8.387ms
[2022-07-12T13:27:26.219+0900][1.876s] GC(0) User=0.08s Sys=0.00s Real=0.02s
[2022-07-12T13:27:26.841+0900][2.499s] GC(1) Pause Young (Normal) (G1 Evacuation Pause)
[2022-07-12T13:27:26.841+0900][2.499s] GC(1) Using 8 workers of 8 for evacuation
[2022-07-12T13:27:26.849+0900][2.507s] GC(1)   Pre Evacuate Collection Set: 0.1ms
[2022-07-12T13:27:26.849+0900][2.507s] GC(1)   Merge Heap Roots: 0.1ms
[2022-07-12T13:27:26.849+0900][2.507s] GC(1)   Evacuate Collection Set: 6.8ms
[2022-07-12T13:27:26.849+0900][2.507s] GC(1)   Post Evacuate Collection Set: 0.6ms
[2022-07-12T13:27:26.849+0900][2.507s] GC(1)   Other: 0.1ms
[2022-07-12T13:27:26.849+0900][2.507s] GC(1) Eden regions: 49->0(63)
[2022-07-12T13:27:26.849+0900][2.507s] GC(1) Survivor regions: 7->5(7)
[2022-07-12T13:27:26.849+0900][2.507s] GC(1) Old regions: 4->11
[2022-07-12T13:27:26.849+0900][2.507s] GC(1) Archive regions: 0->0
[2022-07-12T13:27:26.849+0900][2.507s] GC(1) Humongous regions: 4->4
[2022-07-12T13:27:26.850+0900][2.507s] GC(1) Metaspace: 16388K(16768K)->16388K(16768K) NonClass: 14509K(14720K)->14509K(14720K) Class: 1879K(2048K)->1879K(2048K)
[2022-07-12T13:27:26.850+0900][2.507s] GC(1) Pause Young (Normal) (G1 Evacuation Pause) 63M->18M(1024M) 8.121ms
[2022-07-12T13:27:26.850+0900][2.507s] GC(1) User=0.03s Sys=0.00s Real=0.01s
[2022-07-12T13:27:27.038+0900][2.695s] GC(2) Pause Young (Normal) (G1 Evacuation Pause)
[2022-07-12T13:27:27.038+0900][2.696s] GC(2) Using 8 workers of 8 for evacuation
[2022-07-12T13:27:27.040+0900][2.698s] GC(2)   Pre Evacuate Collection Set: 0.1ms
[2022-07-12T13:27:27.040+0900][2.698s] GC(2)   Merge Heap Roots: 0.0ms
[2022-07-12T13:27:27.040+0900][2.698s] GC(2)   Evacuate Collection Set: 2.2ms
[2022-07-12T13:27:27.040+0900][2.698s] GC(2)   Post Evacuate Collection Set: 0.4ms
[2022-07-12T13:27:27.040+0900][2.698s] GC(2)   Other: 0.1ms
[2022-07-12T13:27:27.040+0900][2.698s] GC(2) Eden regions: 63->0(608)
[2022-07-12T13:27:27.040+0900][2.698s] GC(2) Survivor regions: 5->6(9)
[2022-07-12T13:27:27.040+0900][2.698s] GC(2) Old regions: 11->11
[2022-07-12T13:27:27.040+0900][2.698s] GC(2) Archive regions: 0->0
[2022-07-12T13:27:27.040+0900][2.698s] GC(2) Humongous regions: 4->4
[2022-07-12T13:27:27.041+0900][2.698s] GC(2) Metaspace: 16483K(16832K)->16483K(16832K) NonClass: 14601K(14784K)->14601K(14784K) Class: 1881K(2048K)->1881K(2048K)
[2022-07-12T13:27:27.041+0900][2.698s] GC(2) Pause Young (Normal) (G1 Evacuation Pause) 81M->20M(1024M) 3.113ms
[2022-07-12T13:27:27.041+0900][2.698s] GC(2) User=0.00s Sys=0.00s Real=0.00s
[2022-07-12T13:27:27.645+0900][3.303s] GC(3) Pause Young (Concurrent Start) (Metadata GC Threshold)
[2022-07-12T13:27:27.645+0900][3.303s] GC(3) Using 8 workers of 8 for evacuation
[2022-07-12T13:27:27.649+0900][3.307s] GC(3)   Pre Evacuate Collection Set: 0.2ms
[2022-07-12T13:27:27.649+0900][3.307s] GC(3)   Merge Heap Roots: 0.1ms
[2022-07-12T13:27:27.649+0900][3.307s] GC(3)   Evacuate Collection Set: 2.8ms
[2022-07-12T13:27:27.649+0900][3.307s] GC(3)   Post Evacuate Collection Set: 0.5ms
[2022-07-12T13:27:27.649+0900][3.307s] GC(3)   Other: 0.1ms
[2022-07-12T13:27:27.649+0900][3.307s] GC(3) Eden regions: 209->0(605)
[2022-07-12T13:27:27.649+0900][3.307s] GC(3) Survivor regions: 6->9(77)
[2022-07-12T13:27:27.649+0900][3.307s] GC(3) Old regions: 11->11
[2022-07-12T13:27:27.649+0900][3.307s] GC(3) Archive regions: 0->0
[2022-07-12T13:27:27.649+0900][3.307s] GC(3) Humongous regions: 4->4
[2022-07-12T13:27:27.649+0900][3.307s] GC(3) Metaspace: 21138K(21504K)->21138K(21504K) NonClass: 18795K(18944K)->18795K(18944K) Class: 2343K(2560K)->2343K(2560K)
[2022-07-12T13:27:27.649+0900][3.307s] GC(3) Pause Young (Concurrent Start) (Metadata GC Threshold) 229M->22M(1024M) 3.974ms
[2022-07-12T13:27:27.649+0900][3.307s] GC(3) User=0.00s Sys=0.00s Real=0.00s
[2022-07-12T13:27:27.649+0900][3.307s] GC(4) Concurrent Mark Cycle
[2022-07-12T13:27:27.649+0900][3.307s] GC(4) Concurrent Clear Claimed Marks
[2022-07-12T13:27:27.649+0900][3.307s] GC(4) Concurrent Clear Claimed Marks 0.039ms
[2022-07-12T13:27:27.649+0900][3.307s] GC(4) Concurrent Scan Root Regions
[2022-07-12T13:27:27.650+0900][3.310s] GC(4) Concurrent Scan Root Regions 2.413ms
[2022-07-12T13:27:27.650+0900][3.310s] GC(4) Concurrent Mark
[2022-07-12T13:27:27.650+0900][3.310s] GC(4) Concurrent Mark From Roots
[2022-07-12T13:27:27.650+0900][3.310s] GC(4) Using 2 workers of 2 for marking
[2022-07-12T13:27:27.665+0900][3.325s] GC(4) Concurrent Mark From Roots 15.465ms
[2022-07-12T13:27:27.665+0900][3.325s] GC(4) Concurrent Preclean
[2022-07-12T13:27:27.665+0900][3.325s] GC(4) Concurrent Preclean 0.033ms
[2022-07-12T13:27:27.665+0900][3.325s] GC(4) Pause Remark
[2022-07-12T13:27:27.669+0900][3.327s] GC(4) Pause Remark 28M->28M(1024M) 1.553ms
[2022-07-12T13:27:27.669+0900][3.327s] GC(4) User=0.00s Sys=0.00s Real=0.00s
[2022-07-12T13:27:27.669+0900][3.327s] GC(4) Concurrent Mark 17.304ms
[2022-07-12T13:27:27.669+0900][3.327s] GC(4) Concurrent Rebuild Remembered Sets
[2022-07-12T13:27:27.674+0900][3.334s] GC(4) Concurrent Rebuild Remembered Sets 6.681ms
[2022-07-12T13:27:27.674+0900][3.334s] GC(4) Pause Cleanup
[2022-07-12T13:27:27.674+0900][3.334s] GC(4) Pause Cleanup 30M->30M(1024M) 0.137ms
[2022-07-12T13:27:27.674+0900][3.334s] GC(4) User=0.00s Sys=0.00s Real=0.00s
[2022-07-12T13:27:27.674+0900][3.334s] GC(4) Concurrent Cleanup for Next Mark
[2022-07-12T13:27:27.674+0900][3.335s] GC(4) Concurrent Cleanup for Next Mark 0.632ms
[2022-07-12T13:27:27.674+0900][3.335s] GC(4) Concurrent Mark Cycle 27.775ms
[2022-07-12T13:27:30.241+0900][5.899s] GC(5) Pause Young (Concurrent Start) (Metadata GC Threshold)
[2022-07-12T13:27:30.241+0900][5.899s] GC(5) Using 8 workers of 8 for evacuation
[2022-07-12T13:27:30.251+0900][5.909s] GC(5)   Pre Evacuate Collection Set: 0.2ms
[2022-07-12T13:27:30.251+0900][5.909s] GC(5)   Merge Heap Roots: 0.1ms
[2022-07-12T13:27:30.251+0900][5.909s] GC(5)   Evacuate Collection Set: 9.4ms
[2022-07-12T13:27:30.251+0900][5.910s] GC(5)   Post Evacuate Collection Set: 0.7ms
[2022-07-12T13:27:30.251+0900][5.910s] GC(5)   Other: 0.1ms
[2022-07-12T13:27:30.251+0900][5.910s] GC(5) Eden regions: 389->0(593)
[2022-07-12T13:27:30.251+0900][5.910s] GC(5) Survivor regions: 9->21(77)
[2022-07-12T13:27:30.251+0900][5.910s] GC(5) Old regions: 11->11
[2022-07-12T13:27:30.251+0900][5.910s] GC(5) Archive regions: 0->0
[2022-07-12T13:27:30.251+0900][5.910s] GC(5) Humongous regions: 4->4
[2022-07-12T13:27:30.251+0900][5.910s] GC(5) Metaspace: 35925K(36416K)->35925K(36416K) NonClass: 31894K(32128K)->31894K(32128K) Class: 4030K(4288K)->4030K(4288K)
[2022-07-12T13:27:30.251+0900][5.910s] GC(5) Pause Young (Concurrent Start) (Metadata GC Threshold) 411M->34M(1024M) 10.703ms
[2022-07-12T13:27:30.251+0900][5.910s] GC(6) Concurrent Mark Cycle
[2022-07-12T13:27:30.251+0900][5.910s] GC(5) User=0.11s Sys=0.02s Real=0.01s
[2022-07-12T13:27:30.251+0900][5.910s] GC(6) Concurrent Clear Claimed Marks
[2022-07-12T13:27:30.251+0900][5.910s] GC(6) Concurrent Clear Claimed Marks 0.055ms
[2022-07-12T13:27:30.251+0900][5.910s] GC(6) Concurrent Scan Root Regions
[2022-07-12T13:27:30.259+0900][5.918s] GC(6) Concurrent Scan Root Regions 7.880ms
[2022-07-12T13:27:30.259+0900][5.918s] GC(6) Concurrent Mark
[2022-07-12T13:27:30.259+0900][5.918s] GC(6) Concurrent Mark From Roots
[2022-07-12T13:27:30.259+0900][5.918s] GC(6) Using 2 workers of 2 for marking
[2022-07-12T13:27:30.274+0900][5.932s] GC(6) Concurrent Mark From Roots 14.120ms
[2022-07-12T13:27:30.274+0900][5.932s] GC(6) Concurrent Preclean
[2022-07-12T13:27:30.274+0900][5.932s] GC(6) Concurrent Preclean 0.034ms
[2022-07-12T13:27:30.274+0900][5.932s] GC(6) Pause Remark
[2022-07-12T13:27:30.276+0900][5.934s] GC(6) Pause Remark 38M->38M(1024M) 1.722ms
[2022-07-12T13:27:30.276+0900][5.934s] GC(6) User=0.00s Sys=0.00s Real=0.00s
[2022-07-12T13:27:30.276+0900][5.934s] GC(6) Concurrent Mark 16.152ms
[2022-07-12T13:27:30.276+0900][5.934s] GC(6) Concurrent Rebuild Remembered Sets
[2022-07-12T13:27:30.282+0900][5.940s] GC(6) Concurrent Rebuild Remembered Sets 6.218ms
[2022-07-12T13:27:30.282+0900][5.940s] GC(6) Pause Cleanup
[2022-07-12T13:27:30.282+0900][5.940s] GC(6) Pause Cleanup 39M->39M(1024M) 0.111ms
[2022-07-12T13:27:30.283+0900][5.940s] GC(6) User=0.00s Sys=0.00s Real=0.00s
[2022-07-12T13:27:30.283+0900][5.940s] GC(6) Concurrent Cleanup for Next Mark
[2022-07-12T13:27:30.283+0900][5.941s] GC(6) Concurrent Cleanup for Next Mark 0.526ms
[2022-07-12T13:27:30.283+0900][5.941s] GC(6) Concurrent Mark Cycle 31.339ms
[2022-07-12T13:28:08.687+0900][44.345s] Heap
[2022-07-12T13:28:08.687+0900][44.345s]  garbage-first heap   total 1048576K, used 524754K [0x00000000c0000000, 0x0000000100000000)
[2022-07-12T13:28:08.688+0900][44.345s]   region size 1024K, 499 young (510976K), 21 survivors (21504K)
[2022-07-12T13:28:08.688+0900][44.345s]  Metaspace       used 52328K, committed 52928K, reserved 1114112K
[2022-07-12T13:28:08.688+0900][44.345s]   class space    used 6160K, committed 6464K, reserved 1048576K
