[2022-07-12T13:26:22.852+0900][0.017s] CardTable entry size: 512
[2022-07-12T13:26:22.852+0900][0.017s] Using G1
[2022-07-12T13:26:23.170+0900][0.334s] Version: 18.0.1.1+2-6 (release)
[2022-07-12T13:26:23.170+0900][0.334s] CPUs: 8 total, 8 available
[2022-07-12T13:26:23.170+0900][0.334s] Memory: 16108M
[2022-07-12T13:26:23.170+0900][0.334s] Large Page Support: Enabled
[2022-07-12T13:26:23.170+0900][0.334s] NUMA Support: Disabled
[2022-07-12T13:26:23.170+0900][0.334s] Compressed Oops: Enabled (32-bit)
[2022-07-12T13:26:23.170+0900][0.334s] Heap Region Size: 1M
[2022-07-12T13:26:23.170+0900][0.334s] Heap Min Capacity: 1G
[2022-07-12T13:26:23.170+0900][0.334s] Heap Initial Capacity: 1G
[2022-07-12T13:26:23.170+0900][0.334s] Heap Max Capacity: 1G
[2022-07-12T13:26:23.175+0900][0.339s] Pre-touch: Enabled
[2022-07-12T13:26:23.175+0900][0.339s] Parallel Workers: 8
[2022-07-12T13:26:23.175+0900][0.339s] Concurrent Workers: 2
[2022-07-12T13:26:23.175+0900][0.339s] Concurrent Refinement Workers: 8
[2022-07-12T13:26:23.175+0900][0.339s] Periodic GC: Disabled
[2022-07-12T13:26:23.175+0900][0.340s] CDS archive(s) mapped at: [0x0000000800000000-0x0000000800b90000-0x0000000800b90000), size 12124160, SharedBaseAddress: 0x0000000800000000, ArchiveRelocationMode: 0.
[2022-07-12T13:26:23.175+0900][0.340s] Compressed class space mapped at: 0x0000000800c00000-0x0000000840c00000, reserved size: 1073741824
[2022-07-12T13:26:23.176+0900][0.340s] Narrow klass base: 0x0000000800000000, Narrow klass shift: 0, Narrow klass range: 0x100000000
[2022-07-12T13:26:24.565+0900][1.742s] GC(0) Pause Young (Normal) (G1 Evacuation Pause)
[2022-07-12T13:26:24.578+0900][1.743s] GC(0) Using 8 workers of 8 for evacuation
[2022-07-12T13:26:24.589+0900][1.753s] GC(0)   Pre Evacuate Collection Set: 0.2ms
[2022-07-12T13:26:24.589+0900][1.753s] GC(0)   Merge Heap Roots: 0.1ms
[2022-07-12T13:26:24.589+0900][1.753s] GC(0)   Evacuate Collection Set: 9.2ms
[2022-07-12T13:26:24.589+0900][1.753s] GC(0)   Post Evacuate Collection Set: 0.5ms
[2022-07-12T13:26:24.589+0900][1.753s] GC(0)   Other: 0.6ms
[2022-07-12T13:26:24.589+0900][1.753s] GC(0) Eden regions: 51->0(54)
[2022-07-12T13:26:24.589+0900][1.753s] GC(0) Survivor regions: 0->7(7)
[2022-07-12T13:26:24.589+0900][1.753s] GC(0) Old regions: 0->4
[2022-07-12T13:26:24.589+0900][1.753s] GC(0) Archive regions: 0->0
[2022-07-12T13:26:24.589+0900][1.753s] GC(0) Humongous regions: 4->4
[2022-07-12T13:26:24.589+0900][1.753s] GC(0) Metaspace: 10659K(10944K)->10659K(10944K) NonClass: 9432K(9536K)->9432K(9536K) Class: 1226K(1408K)->1226K(1408K)
[2022-07-12T13:26:24.589+0900][1.753s] GC(0) Pause Young (Normal) (G1 Evacuation Pause) 55M->14M(1024M) 11.125ms
[2022-07-12T13:26:24.589+0900][1.753s] GC(0) User=0.06s Sys=0.02s Real=0.02s
[2022-07-12T13:26:25.210+0900][2.374s] GC(1) Pause Young (Normal) (G1 Evacuation Pause)
[2022-07-12T13:26:25.210+0900][2.374s] GC(1) Using 8 workers of 8 for evacuation
[2022-07-12T13:26:25.218+0900][2.382s] GC(1)   Pre Evacuate Collection Set: 0.1ms
[2022-07-12T13:26:25.218+0900][2.382s] GC(1)   Merge Heap Roots: 0.1ms
[2022-07-12T13:26:25.218+0900][2.382s] GC(1)   Evacuate Collection Set: 6.8ms
[2022-07-12T13:26:25.218+0900][2.382s] GC(1)   Post Evacuate Collection Set: 0.6ms
[2022-07-12T13:26:25.218+0900][2.382s] GC(1)   Other: 0.1ms
[2022-07-12T13:26:25.218+0900][2.382s] GC(1) Eden regions: 50->0(64)
[2022-07-12T13:26:25.218+0900][2.382s] GC(1) Survivor regions: 7->5(8)
[2022-07-12T13:26:25.218+0900][2.382s] GC(1) Old regions: 4->11
[2022-07-12T13:26:25.218+0900][2.382s] GC(1) Archive regions: 0->0
[2022-07-12T13:26:25.218+0900][2.382s] GC(1) Humongous regions: 4->4
[2022-07-12T13:26:25.218+0900][2.382s] GC(1) Metaspace: 16360K(16704K)->16360K(16704K) NonClass: 14481K(14656K)->14481K(14656K) Class: 1879K(2048K)->1879K(2048K)
[2022-07-12T13:26:25.218+0900][2.382s] GC(1) Pause Young (Normal) (G1 Evacuation Pause) 64M->18M(1024M) 8.019ms
[2022-07-12T13:26:25.218+0900][2.382s] GC(1) User=0.05s Sys=0.00s Real=0.01s
[2022-07-12T13:26:25.411+0900][2.579s] GC(2) Pause Young (Normal) (G1 Evacuation Pause)
[2022-07-12T13:26:25.411+0900][2.579s] GC(2) Using 8 workers of 8 for evacuation
[2022-07-12T13:26:25.417+0900][2.582s] GC(2)   Pre Evacuate Collection Set: 0.1ms
[2022-07-12T13:26:25.417+0900][2.582s] GC(2)   Merge Heap Roots: 0.0ms
[2022-07-12T13:26:25.417+0900][2.582s] GC(2)   Evacuate Collection Set: 1.8ms
[2022-07-12T13:26:25.417+0900][2.582s] GC(2)   Post Evacuate Collection Set: 0.4ms
[2022-07-12T13:26:25.417+0900][2.582s] GC(2)   Other: 0.1ms
[2022-07-12T13:26:25.417+0900][2.582s] GC(2) Eden regions: 64->0(608)
[2022-07-12T13:26:25.417+0900][2.582s] GC(2) Survivor regions: 5->6(9)
[2022-07-12T13:26:25.417+0900][2.582s] GC(2) Old regions: 11->11
[2022-07-12T13:26:25.417+0900][2.582s] GC(2) Archive regions: 0->0
[2022-07-12T13:26:25.417+0900][2.582s] GC(2) Humongous regions: 4->4
[2022-07-12T13:26:25.417+0900][2.582s] GC(2) Metaspace: 16467K(16832K)->16467K(16832K) NonClass: 14586K(14784K)->14586K(14784K) Class: 1881K(2048K)->1881K(2048K)
[2022-07-12T13:26:25.417+0900][2.582s] GC(2) Pause Young (Normal) (G1 Evacuation Pause) 82M->20M(1024M) 2.939ms
[2022-07-12T13:26:25.417+0900][2.582s] GC(2) User=0.00s Sys=0.00s Real=0.01s
[2022-07-12T13:26:25.993+0900][3.160s] GC(3) Pause Young (Concurrent Start) (Metadata GC Threshold)
[2022-07-12T13:26:25.993+0900][3.161s] GC(3) Using 8 workers of 8 for evacuation
[2022-07-12T13:26:26.000+0900][3.164s] GC(3)   Pre Evacuate Collection Set: 0.3ms
[2022-07-12T13:26:26.000+0900][3.164s] GC(3)   Merge Heap Roots: 0.1ms
[2022-07-12T13:26:26.000+0900][3.164s] GC(3)   Evacuate Collection Set: 2.5ms
[2022-07-12T13:26:26.000+0900][3.164s] GC(3)   Post Evacuate Collection Set: 0.6ms
[2022-07-12T13:26:26.000+0900][3.164s] GC(3)   Other: 0.2ms
[2022-07-12T13:26:26.000+0900][3.164s] GC(3) Eden regions: 209->0(605)
[2022-07-12T13:26:26.000+0900][3.164s] GC(3) Survivor regions: 6->9(77)
[2022-07-12T13:26:26.000+0900][3.164s] GC(3) Old regions: 11->11
[2022-07-12T13:26:26.000+0900][3.164s] GC(3) Archive regions: 0->0
[2022-07-12T13:26:26.000+0900][3.164s] GC(3) Humongous regions: 4->4
[2022-07-12T13:26:26.000+0900][3.164s] GC(3) Metaspace: 21144K(21504K)->21144K(21504K) NonClass: 18798K(18944K)->18798K(18944K) Class: 2346K(2560K)->2346K(2560K)
[2022-07-12T13:26:26.000+0900][3.164s] GC(3) Pause Young (Concurrent Start) (Metadata GC Threshold) 228M->23M(1024M) 3.851ms
[2022-07-12T13:26:26.000+0900][3.164s] GC(3) User=0.02s Sys=0.02s Real=0.01s
[2022-07-12T13:26:26.000+0900][3.164s] GC(4) Concurrent Mark Cycle
[2022-07-12T13:26:26.000+0900][3.164s] GC(4) Concurrent Clear Claimed Marks
[2022-07-12T13:26:26.000+0900][3.164s] GC(4) Concurrent Clear Claimed Marks 0.028ms
[2022-07-12T13:26:26.000+0900][3.164s] GC(4) Concurrent Scan Root Regions
[2022-07-12T13:26:26.002+0900][3.167s] GC(4) Concurrent Scan Root Regions 2.931ms
[2022-07-12T13:26:26.002+0900][3.167s] GC(4) Concurrent Mark
[2022-07-12T13:26:26.002+0900][3.168s] GC(4) Concurrent Mark From Roots
[2022-07-12T13:26:26.002+0900][3.168s] GC(4) Using 2 workers of 2 for marking
[2022-07-12T13:26:26.009+0900][3.180s] GC(4) Concurrent Mark From Roots 12.539ms
[2022-07-12T13:26:26.009+0900][3.180s] GC(4) Concurrent Preclean
[2022-07-12T13:26:26.009+0900][3.180s] GC(4) Concurrent Preclean 0.094ms
[2022-07-12T13:26:26.009+0900][3.181s] GC(4) Pause Remark
[2022-07-12T13:26:26.018+0900][3.182s] GC(4) Pause Remark 29M->29M(1024M) 1.422ms
[2022-07-12T13:26:26.018+0900][3.182s] GC(4) User=0.05s Sys=0.02s Real=0.01s
[2022-07-12T13:26:26.018+0900][3.182s] GC(4) Concurrent Mark 14.743ms
[2022-07-12T13:26:26.018+0900][3.182s] GC(4) Concurrent Rebuild Remembered Sets
[2022-07-12T13:26:26.019+0900][3.187s] GC(4) Concurrent Rebuild Remembered Sets 4.434ms
[2022-07-12T13:26:26.019+0900][3.187s] GC(4) Pause Cleanup
[2022-07-12T13:26:26.019+0900][3.187s] GC(4) Pause Cleanup 31M->31M(1024M) 0.159ms
[2022-07-12T13:26:26.019+0900][3.187s] GC(4) User=0.00s Sys=0.00s Real=0.00s
[2022-07-12T13:26:26.019+0900][3.187s] GC(4) Concurrent Cleanup for Next Mark
[2022-07-12T13:26:26.019+0900][3.187s] GC(4) Concurrent Cleanup for Next Mark 0.481ms
[2022-07-12T13:26:26.019+0900][3.188s] GC(4) Concurrent Mark Cycle 23.187ms
