[2022-07-12T13:25:50.059+0900][0.020s] CardTable entry size: 512
[2022-07-12T13:25:50.060+0900][0.020s] Using G1
[2022-07-12T13:25:50.363+0900][0.324s] Version: 18.0.1.1+2-6 (release)
[2022-07-12T13:25:50.363+0900][0.324s] CPUs: 8 total, 8 available
[2022-07-12T13:25:50.363+0900][0.324s] Memory: 16108M
[2022-07-12T13:25:50.363+0900][0.324s] Large Page Support: Enabled
[2022-07-12T13:25:50.363+0900][0.324s] NUMA Support: Disabled
[2022-07-12T13:25:50.363+0900][0.324s] Compressed Oops: Enabled (32-bit)
[2022-07-12T13:25:50.363+0900][0.324s] Heap Region Size: 1M
[2022-07-12T13:25:50.363+0900][0.324s] Heap Min Capacity: 1G
[2022-07-12T13:25:50.363+0900][0.324s] Heap Initial Capacity: 1G
[2022-07-12T13:25:50.363+0900][0.324s] Heap Max Capacity: 1G
[2022-07-12T13:25:50.368+0900][0.329s] Pre-touch: Enabled
[2022-07-12T13:25:50.368+0900][0.329s] Parallel Workers: 8
[2022-07-12T13:25:50.368+0900][0.329s] Concurrent Workers: 2
[2022-07-12T13:25:50.368+0900][0.329s] Concurrent Refinement Workers: 8
[2022-07-12T13:25:50.368+0900][0.329s] Periodic GC: Disabled
[2022-07-12T13:25:50.368+0900][0.330s] CDS archive(s) mapped at: [0x0000000800000000-0x0000000800b90000-0x0000000800b90000), size 12124160, SharedBaseAddress: 0x0000000800000000, ArchiveRelocationMode: 0.
[2022-07-12T13:25:50.368+0900][0.330s] Compressed class space mapped at: 0x0000000800c00000-0x0000000840c00000, reserved size: 1073741824
[2022-07-12T13:25:50.368+0900][0.330s] Narrow klass base: 0x0000000800000000, Narrow klass shift: 0, Narrow klass range: 0x100000000
[2022-07-12T13:25:51.780+0900][1.751s] GC(0) Pause Young (Normal) (G1 Evacuation Pause)
[2022-07-12T13:25:51.780+0900][1.751s] GC(0) Using 8 workers of 8 for evacuation
[2022-07-12T13:25:51.797+0900][1.758s] GC(0)   Pre Evacuate Collection Set: 0.1ms
[2022-07-12T13:25:51.797+0900][1.758s] GC(0)   Merge Heap Roots: 0.1ms
[2022-07-12T13:25:51.797+0900][1.758s] GC(0)   Evacuate Collection Set: 5.8ms
[2022-07-12T13:25:51.797+0900][1.758s] GC(0)   Post Evacuate Collection Set: 0.6ms
[2022-07-12T13:25:51.797+0900][1.758s] GC(0)   Other: 0.5ms
[2022-07-12T13:25:51.797+0900][1.758s] GC(0) Eden regions: 51->0(54)
[2022-07-12T13:25:51.797+0900][1.758s] GC(0) Survivor regions: 0->7(7)
[2022-07-12T13:25:51.797+0900][1.758s] GC(0) Old regions: 0->4
[2022-07-12T13:25:51.797+0900][1.758s] GC(0) Archive regions: 0->0
[2022-07-12T13:25:51.797+0900][1.758s] GC(0) Humongous regions: 4->4
[2022-07-12T13:25:51.797+0900][1.758s] GC(0) Metaspace: 10682K(11008K)->10682K(11008K) NonClass: 9455K(9600K)->9455K(9600K) Class: 1227K(1408K)->1227K(1408K)
[2022-07-12T13:25:51.797+0900][1.758s] GC(0) Pause Young (Normal) (G1 Evacuation Pause) 55M->14M(1024M) 7.626ms
[2022-07-12T13:25:51.797+0900][1.758s] GC(0) User=0.12s Sys=0.00s Real=0.02s
[2022-07-12T13:25:52.405+0900][2.375s] GC(1) Pause Young (Normal) (G1 Evacuation Pause)
[2022-07-12T13:25:52.405+0900][2.375s] GC(1) Using 8 workers of 8 for evacuation
[2022-07-12T13:25:52.422+0900][2.383s] GC(1)   Pre Evacuate Collection Set: 0.1ms
[2022-07-12T13:25:52.422+0900][2.383s] GC(1)   Merge Heap Roots: 0.1ms
[2022-07-12T13:25:52.422+0900][2.383s] GC(1)   Evacuate Collection Set: 7.1ms
[2022-07-12T13:25:52.422+0900][2.383s] GC(1)   Post Evacuate Collection Set: 0.7ms
[2022-07-12T13:25:52.422+0900][2.383s] GC(1)   Other: 0.1ms
[2022-07-12T13:25:52.422+0900][2.383s] GC(1) Eden regions: 46->0(61)
[2022-07-12T13:25:52.422+0900][2.383s] GC(1) Survivor regions: 7->5(7)
[2022-07-12T13:25:52.422+0900][2.383s] GC(1) Old regions: 4->11
[2022-07-12T13:25:52.422+0900][2.383s] GC(1) Archive regions: 0->0
[2022-07-12T13:25:52.422+0900][2.383s] GC(1) Humongous regions: 4->4
[2022-07-12T13:25:52.422+0900][2.383s] GC(1) Metaspace: 16367K(16704K)->16367K(16704K) NonClass: 14487K(14656K)->14487K(14656K) Class: 1879K(2048K)->1879K(2048K)
[2022-07-12T13:25:52.422+0900][2.384s] GC(1) Pause Young (Normal) (G1 Evacuation Pause) 60M->19M(1024M) 8.459ms
[2022-07-12T13:25:52.423+0900][2.384s] GC(1) User=0.05s Sys=0.00s Real=0.02s
[2022-07-12T13:25:52.605+0900][2.577s] GC(2) Pause Young (Normal) (G1 Evacuation Pause)
[2022-07-12T13:25:52.605+0900][2.577s] GC(2) Using 8 workers of 8 for evacuation
[2022-07-12T13:25:52.620+0900][2.581s] GC(2)   Pre Evacuate Collection Set: 0.1ms
[2022-07-12T13:25:52.620+0900][2.581s] GC(2)   Merge Heap Roots: 0.1ms
[2022-07-12T13:25:52.620+0900][2.581s] GC(2)   Evacuate Collection Set: 2.5ms
[2022-07-12T13:25:52.620+0900][2.581s] GC(2)   Post Evacuate Collection Set: 0.4ms
[2022-07-12T13:25:52.620+0900][2.581s] GC(2)   Other: 0.1ms
[2022-07-12T13:25:52.620+0900][2.581s] GC(2) Eden regions: 61->0(608)
[2022-07-12T13:25:52.620+0900][2.581s] GC(2) Survivor regions: 5->6(9)
[2022-07-12T13:25:52.620+0900][2.581s] GC(2) Old regions: 11->11
[2022-07-12T13:25:52.620+0900][2.581s] GC(2) Archive regions: 0->0
[2022-07-12T13:25:52.620+0900][2.581s] GC(2) Humongous regions: 4->4
[2022-07-12T13:25:52.620+0900][2.581s] GC(2) Metaspace: 16469K(16832K)->16469K(16832K) NonClass: 14587K(14784K)->14587K(14784K) Class: 1882K(2048K)->1882K(2048K)
[2022-07-12T13:25:52.620+0900][2.581s] GC(2) Pause Young (Normal) (G1 Evacuation Pause) 80M->19M(1024M) 3.516ms
[2022-07-12T13:25:52.620+0900][2.581s] GC(2) User=0.09s Sys=0.00s Real=0.01s
[2022-07-12T13:25:53.239+0900][3.200s] GC(3) Pause Young (Concurrent Start) (Metadata GC Threshold)
[2022-07-12T13:25:53.239+0900][3.200s] GC(3) Using 8 workers of 8 for evacuation
[2022-07-12T13:25:53.243+0900][3.204s] GC(3)   Pre Evacuate Collection Set: 0.3ms
[2022-07-12T13:25:53.243+0900][3.204s] GC(3)   Merge Heap Roots: 0.1ms
[2022-07-12T13:25:53.243+0900][3.204s] GC(3)   Evacuate Collection Set: 2.7ms
[2022-07-12T13:25:53.243+0900][3.204s] GC(3)   Post Evacuate Collection Set: 0.6ms
[2022-07-12T13:25:53.243+0900][3.204s] GC(3)   Other: 0.1ms
[2022-07-12T13:25:53.243+0900][3.204s] GC(3) Eden regions: 215->0(336)
[2022-07-12T13:25:53.243+0900][3.204s] GC(3) Survivor regions: 6->9(77)
[2022-07-12T13:25:53.243+0900][3.204s] GC(3) Old regions: 11->11
[2022-07-12T13:25:53.243+0900][3.204s] GC(3) Archive regions: 0->0
[2022-07-12T13:25:53.243+0900][3.204s] GC(3) Humongous regions: 4->4
[2022-07-12T13:25:53.243+0900][3.204s] GC(3) Metaspace: 21085K(21504K)->21085K(21504K) NonClass: 18745K(18944K)->18745K(18944K) Class: 2340K(2560K)->2340K(2560K)
[2022-07-12T13:25:53.243+0900][3.204s] GC(3) Pause Young (Concurrent Start) (Metadata GC Threshold) 234M->22M(1024M) 4.045ms
[2022-07-12T13:25:53.243+0900][3.204s] GC(4) Concurrent Mark Cycle
[2022-07-12T13:25:53.243+0900][3.204s] GC(3) User=0.00s Sys=0.00s Real=0.00s
[2022-07-12T13:25:53.243+0900][3.204s] GC(4) Concurrent Clear Claimed Marks
[2022-07-12T13:25:53.243+0900][3.204s] GC(4) Concurrent Clear Claimed Marks 0.048ms
[2022-07-12T13:25:53.243+0900][3.204s] GC(4) Concurrent Scan Root Regions
[2022-07-12T13:25:53.244+0900][3.207s] GC(4) Concurrent Scan Root Regions 2.814ms
[2022-07-12T13:25:53.244+0900][3.207s] GC(4) Concurrent Mark
[2022-07-12T13:25:53.244+0900][3.207s] GC(4) Concurrent Mark From Roots
[2022-07-12T13:25:53.244+0900][3.207s] GC(4) Using 2 workers of 2 for marking
[2022-07-12T13:25:53.244+0900][3.219s] GC(4) Concurrent Mark From Roots 11.595ms
[2022-07-12T13:25:53.244+0900][3.219s] GC(4) Concurrent Preclean
[2022-07-12T13:25:53.244+0900][3.219s] GC(4) Concurrent Preclean 0.023ms
[2022-07-12T13:25:53.244+0900][3.219s] GC(4) Pause Remark
[2022-07-12T13:25:53.259+0900][3.220s] GC(4) Pause Remark 26M->26M(1024M) 1.590ms
[2022-07-12T13:25:53.259+0900][3.220s] GC(4) User=0.06s Sys=0.00s Real=0.02s
[2022-07-12T13:25:53.259+0900][3.220s] GC(4) Concurrent Mark 13.482ms
[2022-07-12T13:25:53.260+0900][3.220s] GC(4) Concurrent Rebuild Remembered Sets
[2022-07-12T13:25:53.261+0900][3.227s] GC(4) Concurrent Rebuild Remembered Sets 6.071ms
[2022-07-12T13:25:53.261+0900][3.227s] GC(4) Pause Cleanup
[2022-07-12T13:25:53.266+0900][3.227s] GC(4) Pause Cleanup 28M->28M(1024M) 0.131ms
[2022-07-12T13:25:53.266+0900][3.227s] GC(4) User=0.02s Sys=0.00s Real=0.01s
[2022-07-12T13:25:53.266+0900][3.227s] GC(4) Concurrent Cleanup for Next Mark
[2022-07-12T13:25:53.267+0900][3.228s] GC(4) Concurrent Cleanup for Next Mark 0.759ms
[2022-07-12T13:25:53.267+0900][3.228s] GC(4) Concurrent Mark Cycle 23.803ms
[2022-07-12T13:25:55.506+0900][5.467s] GC(5) Pause Young (Normal) (G1 Evacuation Pause)
[2022-07-12T13:25:55.506+0900][5.467s] GC(5) Using 8 workers of 8 for evacuation
[2022-07-12T13:25:55.516+0900][5.477s] GC(5)   Pre Evacuate Collection Set: 0.1ms
[2022-07-12T13:25:55.516+0900][5.477s] GC(5)   Merge Heap Roots: 0.1ms
[2022-07-12T13:25:55.516+0900][5.477s] GC(5)   Evacuate Collection Set: 9.0ms
[2022-07-12T13:25:55.516+0900][5.477s] GC(5)   Post Evacuate Collection Set: 0.8ms
[2022-07-12T13:25:55.516+0900][5.477s] GC(5)   Other: 0.1ms
[2022-07-12T13:25:55.516+0900][5.477s] GC(5) Eden regions: 336->0(594)
[2022-07-12T13:25:55.516+0900][5.477s] GC(5) Survivor regions: 9->20(44)
[2022-07-12T13:25:55.516+0900][5.477s] GC(5) Old regions: 11->11
[2022-07-12T13:25:55.516+0900][5.477s] GC(5) Archive regions: 0->0
[2022-07-12T13:25:55.516+0900][5.477s] GC(5) Humongous regions: 4->4
[2022-07-12T13:25:55.516+0900][5.477s] GC(5) Metaspace: 33602K(34112K)->33602K(34112K) NonClass: 29862K(30144K)->29862K(30144K) Class: 3739K(3968K)->3739K(3968K)
[2022-07-12T13:25:55.516+0900][5.477s] GC(5) Pause Young (Normal) (G1 Evacuation Pause) 358M->34M(1024M) 10.579ms
[2022-07-12T13:25:55.516+0900][5.477s] GC(5) User=0.11s Sys=0.00s Real=0.01s
[2022-07-12T13:25:55.879+0900][5.841s] GC(6) Pause Young (Concurrent Start) (Metadata GC Threshold)
[2022-07-12T13:25:55.880+0900][5.841s] GC(6) Using 8 workers of 8 for evacuation
[2022-07-12T13:25:55.889+0900][5.850s] GC(6)   Pre Evacuate Collection Set: 0.2ms
[2022-07-12T13:25:55.889+0900][5.850s] GC(6)   Merge Heap Roots: 0.0ms
[2022-07-12T13:25:55.889+0900][5.850s] GC(6)   Evacuate Collection Set: 8.4ms
[2022-07-12T13:25:55.889+0900][5.850s] GC(6)   Post Evacuate Collection Set: 0.6ms
[2022-07-12T13:25:55.889+0900][5.850s] GC(6)   Other: 0.0ms
[2022-07-12T13:25:55.889+0900][5.850s] GC(6) Eden regions: 62->0(592)
[2022-07-12T13:25:55.889+0900][5.850s] GC(6) Survivor regions: 20->22(77)
[2022-07-12T13:25:55.889+0900][5.850s] GC(6) Old regions: 11->11
[2022-07-12T13:25:55.889+0900][5.850s] GC(6) Archive regions: 0->0
[2022-07-12T13:25:55.889+0900][5.850s] GC(6) Humongous regions: 4->4
[2022-07-12T13:25:55.889+0900][5.850s] GC(6) Metaspace: 36012K(36416K)->36012K(36416K) NonClass: 31967K(32192K)->31967K(32192K) Class: 4044K(4224K)->4044K(4224K)
[2022-07-12T13:25:55.889+0900][5.850s] GC(6) Pause Young (Concurrent Start) (Metadata GC Threshold) 95M->35M(1024M) 9.592ms
[2022-07-12T13:25:55.889+0900][5.850s] GC(7) Concurrent Mark Cycle
[2022-07-12T13:25:55.889+0900][5.850s] GC(6) User=0.06s Sys=0.02s Real=0.01s
[2022-07-12T13:25:55.889+0900][5.850s] GC(7) Concurrent Clear Claimed Marks
[2022-07-12T13:25:55.889+0900][5.850s] GC(7) Concurrent Clear Claimed Marks 0.065ms
[2022-07-12T13:25:55.889+0900][5.851s] GC(7) Concurrent Scan Root Regions
[2022-07-12T13:25:55.897+0900][5.858s] GC(7) Concurrent Scan Root Regions 7.979ms
[2022-07-12T13:25:55.898+0900][5.859s] GC(7) Concurrent Mark
[2022-07-12T13:25:55.898+0900][5.859s] GC(7) Concurrent Mark From Roots
[2022-07-12T13:25:55.898+0900][5.859s] GC(7) Using 2 workers of 2 for marking
[2022-07-12T13:25:55.913+0900][5.874s] GC(7) Concurrent Mark From Roots 15.692ms
[2022-07-12T13:25:55.913+0900][5.874s] GC(7) Concurrent Preclean
[2022-07-12T13:25:55.913+0900][5.874s] GC(7) Concurrent Preclean 0.055ms
[2022-07-12T13:25:55.914+0900][5.874s] GC(7) Pause Remark
[2022-07-12T13:25:55.917+0900][5.878s] GC(7) Pause Remark 41M->41M(1024M) 3.253ms
[2022-07-12T13:25:55.917+0900][5.878s] GC(7) User=0.00s Sys=0.00s Real=0.00s
[2022-07-12T13:25:55.917+0900][5.878s] GC(7) Concurrent Mark 19.330ms
[2022-07-12T13:25:55.917+0900][5.878s] GC(7) Concurrent Rebuild Remembered Sets
[2022-07-12T13:25:55.924+0900][5.885s] GC(7) Concurrent Rebuild Remembered Sets 6.750ms
[2022-07-12T13:25:55.924+0900][5.885s] GC(7) Pause Cleanup
[2022-07-12T13:25:55.924+0900][5.885s] GC(7) Pause Cleanup 42M->42M(1024M) 0.187ms
[2022-07-12T13:25:55.924+0900][5.885s] GC(7) User=0.00s Sys=0.00s Real=0.00s
[2022-07-12T13:25:55.924+0900][5.885s] GC(7) Concurrent Cleanup for Next Mark
[2022-07-12T13:25:55.925+0900][5.886s] GC(7) Concurrent Cleanup for Next Mark 0.533ms
[2022-07-12T13:25:55.925+0900][5.886s] GC(7) Concurrent Mark Cycle 35.272ms
